Microchip MPLAB XC8 Compiler V2.30

Linker command line:

-W-3 --edf=C:\Program Files\Microchip\xc8\v2.30\pic\dat\en_msgs.txt -cn \
  -h+dist/default/production\307.X.production.sym \
  --cmf=dist/default/production\307.X.production.cmf -z -Q16F877A \
  -oC:\Users\OWNERP~1\AppData\Local\Temp\sdv4x2 --defsym=__MPLAB_BUILD=1 \
  -Mdist/default/production/307.X.production.map -E1 -ver=XC8 Compiler \
  --acfsm=1493 -ASTACK=0110h-016Fh -pstack=STACK -ACODE=00h-07FFhx4 \
  -ASTRCODE=00h-01FFFh -ASTRING=00h-0FFhx32 -ACONST=00h-0FFhx32 \
  -AENTRY=00h-0FFhx32 -ACOMMON=070h-07Fh -ABANK0=020h-06Fh \
  -ABANK1=0A0h-0EFh -ABANK2=0110h-016Fh -ABANK3=0190h-01EFh \
  -ARAM=020h-06Fh,0A0h-0EFh,0110h-016Fh,0190h-01EFh \
  -AABS1=020h-07Fh,0A0h-0EFh,0110h-016Fh,0190h-01EFh -ASFR0=00h-01Fh \
  -ASFR1=080h-09Fh -ASFR2=0100h-010Fh -ASFR3=0180h-018Fh \
  -ACONFIG=02007h-02007h -DCONFIG=2 -AIDLOC=02000h-02003h -DIDLOC=2 \
  -AEEDATA=00h-0FFh/02100h -peeprom_data=EEDATA -DEEDATA=2 -DCODE=2 \
  -DSTRCODE=2 -DSTRING=2 -DCONST=2 -DENTRY=2 \
  -preset_vec=00h,intentry,init,end_init -ppowerup=CODE -pcinit=CODE \
  -pfunctab=ENTRY -k C:\Users\OWNERP~1\AppData\Local\Temp\sdv4xb.o \
  dist/default/production\307.X.production.o 

Object code version is 3.11

Machine type is 16F877A



                Name                               Link     Load   Length Selector   Space Scale
C:\Users\OWNERP~1\AppData\Local\Temp\sdv4xb.o
                end_init                              0        0        3        0       0
                config                             2007     2007        1        0       4
dist/default/production\307.X.production.o
                cinit                               7F0      7F0       10      FE0       0
                config                             2007     2007        1        0       4
                text28                              E32      E32       69     1C64       0
                text27                              AA7      AA7       25     154E       0
                text26                              D1A      D1A       59     1A34       0
                text25                                3        3       10        0       0
                text24                              D73      D73       59     1AE6       0
                text23                              ACC      ACC       2A     1598       0
                text22                              A83      A83       24     1506       0
                text21                              B82      B82       36     1704       0
                text20                              C27      C27       47     184E       0
                text19                              277      277       C5      4EE       0
                text18                              BEF      BEF       38     17DE       0
                text17                              AF6      AF6       2B     15EC       0
                text16                              BB8      BB8       37     1770       0
                text15                              B4F      B4F       33     169E       0
                text14                              33C      33C      162      678       0
                text13                              A6E      A6E       15     14DC       0
                text12                              613      613      1DD      C26       0
                text11                              F84      F84       7C     1F08       0
                text10                              1BD      1BD       BA      37A       0
                text9                               CC2      CC2       58     1984       0
                text8                               E9B      E9B       6E     1D36       0
                text7                               123      123       9A      246       0
                text6                               F09      F09       7B     1E12       0
                text5                               DCC      DCC       66     1B98       0
                text4                               C6E      C6E       54     18DC       0
                text3                               B21      B21       2E     1642       0
                text2                                13       13       82       26       0
                text1                                95       95       8E      12A       0
                maintext                            49E      49E      175      93C       0
                cstackBANK0                          20       20       2D       20       1
                cstackCOMMON                         70       70        E       70       1
                clrtext                             A66      A66        8     14CC       0
                bssBANK0                             4D       4D       16       20       1
                bitbssBANK0                         318       63        5       20       1     8
                strings                             800      800       30     1000       0

TOTAL           Name                               Link     Load   Length     Space
        CLASS   STACK          

        CLASS   CODE           
                end_init                              0        0        3         0
                cinit                               7F0      7F0       10         0
                text28                              E32      E32       69         0
                text27                              AA7      AA7       25         0
                text26                              D1A      D1A       59         0
                text25                                3        3       10         0
                text24                              D73      D73       59         0
                text23                              ACC      ACC       2A         0
                text22                              A83      A83       24         0
                text21                              B82      B82       36         0
                text20                              C27      C27       47         0
                text19                              277      277       C5         0
                text18                              BEF      BEF       38         0
                text17                              AF6      AF6       2B         0
                text16                              BB8      BB8       37         0
                text15                              B4F      B4F       33         0
                text14                              33C      33C      162         0
                text13                              A6E      A6E       15         0
                text12                              613      613      1DD         0
                text11                              F84      F84       7C         0
                text10                              1BD      1BD       BA         0
                text9                               CC2      CC2       58         0
                text8                               E9B      E9B       6E         0
                text7                               123      123       9A         0
                text6                               F09      F09       7B         0
                text5                               DCC      DCC       66         0
                text4                               C6E      C6E       54         0
                text3                               B21      B21       2E         0
                text2                                13       13       82         0
                text1                                95       95       8E         0
                maintext                            49E      49E      175         0
                clrtext                             A66      A66        8         0

        CLASS   STRCODE        

        CLASS   STRING         
                strings                             800      800       30         0

        CLASS   CONST          

        CLASS   ENTRY          

        CLASS   COMMON         
                cstackCOMMON                         70       70        E         1

        CLASS   BANK0          
                cstackBANK0                          20       20       2D         1
                bssBANK0                             4D       4D       16         1
                bitbssBANK0                         318       63        5         1

        CLASS   BANK1          

        CLASS   BANK2          

        CLASS   BANK3          

        CLASS   RAM            

        CLASS   ABS1           
                abs_s1                               7E       7E        2         1

        CLASS   SFR0           

        CLASS   SFR1           

        CLASS   SFR2           

        CLASS   SFR3           

        CLASS   CONFIG         
                config                             2007     2007        1         4

        CLASS   IDLOC          

        CLASS   EEDATA         



SEGMENTS        Name                           Load    Length   Top    Selector   Space  Class     Delta

                reset_vec                      000000  000013  000013         0       0  CODE        2
                cstackBANK0                    000020  000044  000064        20       1  BANK0       1
                text2                          000013  000082  000095        26       0  CODE        2
                cstackCOMMON                   000070  00000E  00007E        70       1  COMMON      1
                text1                          000095  00008E  000123       12A       0  CODE        2
                text7                          000123  00009A  0001BD       246       0  CODE        2
                text10                         0001BD  0000BA  000277       37A       0  CODE        2
                text19                         000277  0000C5  00033C       4EE       0  CODE        2
                text14                         00033C  000162  00049E       678       0  CODE        2
                maintext                       00049E  000175  000613       93C       0  CODE        2
                text12                         000613  0001DD  0007F0       C26       0  CODE        2
                cinit                          0007F0  000010  000800       FE0       0  CODE        2
                strings                        000800  000030  000830      1000       0  STRING      2
                clrtext                        000A66  000008  000A6E      14CC       0  CODE        2
                text13                         000A6E  000015  000A83      14DC       0  CODE        2
                text22                         000A83  000024  000AA7      1506       0  CODE        2
                text27                         000AA7  000025  000ACC      154E       0  CODE        2
                text23                         000ACC  00002A  000AF6      1598       0  CODE        2
                text17                         000AF6  00002B  000B21      15EC       0  CODE        2
                text3                          000B21  00002E  000B4F      1642       0  CODE        2
                text15                         000B4F  000033  000B82      169E       0  CODE        2
                text21                         000B82  000036  000BB8      1704       0  CODE        2
                text16                         000BB8  000037  000BEF      1770       0  CODE        2
                text18                         000BEF  000038  000C27      17DE       0  CODE        2
                text20                         000C27  000047  000C6E      184E       0  CODE        2
                text4                          000C6E  000054  000CC2      18DC       0  CODE        2
                text9                          000CC2  000058  000D1A      1984       0  CODE        2
                text26                         000D1A  000059  000D73      1A34       0  CODE        2
                text24                         000D73  000059  000DCC      1AE6       0  CODE        2
                text5                          000DCC  000066  000E32      1B98       0  CODE        2
                text28                         000E32  000069  000E9B      1C64       0  CODE        2
                text8                          000E9B  00006E  000F09      1D36       0  CODE        2
                text6                          000F09  00007B  000F84      1E12       0  CODE        2
                text11                         000F84  00007C  001000      1F08       0  CODE        2


UNUSED ADDRESS RANGES

        Name                Unused          Largest block    Delta
        BANK0            0064-006F              C           1
        BANK1            00A0-00EF             50           1
        BANK2            0110-016F             60           1
        BANK3            0190-01EF             60           1
        CODE             0830-0A65            236           2
                         1000-1FFF            800
        CONST            0830-0A65            100           2
                         1000-1FFF            100
        EEDATA           2100-21FF            100           2
        ENTRY            0830-0A65            100           2
                         1000-1FFF            100
        IDLOC            2000-2003              4           2
        RAM              0064-006F              C           1
                         00A0-00EF             50
                         0110-016F             60
                         0190-01EF             60
        SFR0             0000-001F             20           1
        SFR1             0080-009F             20           1
        SFR2             0100-010F             10           1
        SFR3             0180-018F             10           1
        STACK            0110-016F             60           1
        STRCODE          0830-0A65            236           2
                         1000-1FFF           1000
        STRING           0830-0A65            100           2
                         1000-1FFF            100

                                  Symbol Table

?___awdiv                    cstackCOMMON 0076
?___fldiv                    cstackBANK0  0020
?___fltol                    cstackBANK0  003A
?___lldiv                    cstackCOMMON 0070
?___llmod                    cstackCOMMON 0070
?___wmul                     cstackCOMMON 0070
?___xxtofl                   cstackCOMMON 0070
_ADCON0                      (abs)        001F
_ADCON0bits                  (abs)        001F
_ADCON1                      (abs)        009F
_ADRESH                      (abs)        001E
_ADRESL                      (abs)        009E
_CCP1CONbits                 (abs)        0017
_CCPR1L                      (abs)        0015
_OPTION_REGbits              (abs)        0081
_PORTA                       (abs)        0005
_PORTB                       (abs)        0006
_PORTC                       (abs)        0007
_PORTD                       (abs)        0008
_PORTDbits                   (abs)        0008
_PORTE                       (abs)        0009
_PR2                         (abs)        0092
_RD0                         (abs)        0040
_RD1                         (abs)        0041
_T2CON                       (abs)        0012
_T2CONbits                   (abs)        0012
_TMR2                        (abs)        0011
_TRISA                       (abs)        0085
_TRISB                       (abs)        0086
_TRISC                       (abs)        0087
_TRISCbits                   (abs)        0087
_TRISD                       (abs)        0088
_TRISE                       (abs)        0089
__Habs1                      abs1         0000
__Hbank0                     bank0        0000
__Hbank1                     bank1        0000
__Hbank2                     bank2        0000
__Hbank3                     bank3        0000
__HbitbssBANK0               bitbssBANK0  0000
__HbssBANK0                  bssBANK0     0000
__Hcinit                     cinit        0800
__Hclrtext                   clrtext      0000
__Hcode                      code         0000
__Hcommon                    common       0000
__Hconfig                    config       2008
__HcstackBANK0               cstackBANK0  0000
__HcstackCOMMON              cstackCOMMON 0000
__Heeprom_data               eeprom_data  0000
__Hend_init                  end_init     0003
__Hfunctab                   functab      0000
__Hinit                      init         0000
__Hintentry                  intentry     0000
__Hmaintext                  maintext     0000
__Hpowerup                   powerup      0000
__Hram                       ram          0000
__Hreset_vec                 reset_vec    0000
__Hsfr0                      sfr0         0000
__Hsfr1                      sfr1         0000
__Hsfr2                      sfr2         0000
__Hsfr3                      sfr3         0000
__Hspace_0                   (abs)        1000
__Hspace_1                   (abs)        031D
__Hspace_2                   (abs)        0000
__Hspace_3                   (abs)        0000
__Hspace_4                   (abs)        400F
__Hstack                     stack        0000
__Hstrings                   strings      0000
__Htext                      text         0000
__Labs1                      abs1         0000
__Lbank0                     bank0        0000
__Lbank1                     bank1        0000
__Lbank2                     bank2        0000
__Lbank3                     bank3        0000
__LbitbssBANK0               bitbssBANK0  0000
__LbssBANK0                  bssBANK0     0000
__Lcinit                     cinit        07F0
__Lclrtext                   clrtext      0000
__Lcode                      code         0000
__Lcommon                    common       0000
__Lconfig                    config       0000
__LcstackBANK0               cstackBANK0  0000
__LcstackCOMMON              cstackCOMMON 0000
__Leeprom_data               eeprom_data  0000
__Lend_init                  end_init     0000
__Lfunctab                   functab      0000
__Linit                      init         0000
__Lintentry                  intentry     0000
__Lmaintext                  maintext     0000
__Lpowerup                   powerup      0000
__Lram                       ram          0000
__Lreset_vec                 reset_vec    0000
__Lsfr0                      sfr0         0000
__Lsfr1                      sfr1         0000
__Lsfr2                      sfr2         0000
__Lsfr3                      sfr3         0000
__Lspace_0                   (abs)        0000
__Lspace_1                   (abs)        0000
__Lspace_2                   (abs)        0000
__Lspace_3                   (abs)        0000
__Lspace_4                   (abs)        0000
__Lstack                     stack        0000
__Lstrings                   strings      0000
__Ltext                      text         0000
__S0                         (abs)        1000
__S1                         (abs)        007E
__S2                         (abs)        0000
__S3                         (abs)        0000
___awdiv                     text28       0E32
___awdiv@counter             cstackBANK0  0020
___awdiv@dividend            cstackCOMMON 0078
___awdiv@divisor             cstackCOMMON 0076
___awdiv@quotient            cstackBANK0  0022
___awdiv@sign                cstackBANK0  0021
___fldiv                     text12       0613
___fldiv@a                   cstackBANK0  0020
___fldiv@aexp                cstackBANK0  0039
___fldiv@b                   cstackBANK0  0024
___fldiv@bexp                cstackBANK0  0038
___fldiv@grs                 cstackBANK0  0034
___fldiv@new_exp             cstackBANK0  0032
___fldiv@rem                 cstackBANK0  002D
___fldiv@sign                cstackBANK0  0031
___fltol                     text11       0F84
___fltol@exp1                cstackBANK0  0044
___fltol@f1                  cstackBANK0  003A
___fltol@sign1               cstackBANK0  0043
___int_sp                    stack        0000
___latbits                   (abs)        0002
___lldiv                     text5        0DCC
___lldiv@counter             cstackCOMMON 007D
___lldiv@dividend            cstackCOMMON 0074
___lldiv@divisor             cstackCOMMON 0070
___lldiv@quotient            cstackCOMMON 0079
___llmod                     text4        0C6E
___llmod@counter             cstackCOMMON 0079
___llmod@dividend            cstackCOMMON 0074
___llmod@divisor             cstackCOMMON 0070
___sp                        stack        0000
___stackhi                   (abs)        0000
___stacklo                   (abs)        0000
___wmul                      text27       0AA7
___wmul@multiplicand         cstackCOMMON 0072
___wmul@multiplier           cstackCOMMON 0070
___wmul@product              cstackCOMMON 0074
___xxtofl                    text10       01BD
___xxtofl@arg                cstackCOMMON 007A
___xxtofl@exp                cstackCOMMON 0079
___xxtofl@sign               cstackCOMMON 0078
___xxtofl@val                cstackCOMMON 0070
__end_of___awdiv             text28       0E9B
__end_of___fldiv             text12       07F0
__end_of___fltol             text11       1000
__end_of___lldiv             text5        0E32
__end_of___llmod             text4        0CC2
__end_of___wmul              text27       0ACC
__end_of___xxtofl            text10       0277
__end_of__initialization     cinit        07FC
__end_of__stringtab          strings      0810
__end_of_lcd_backspace       text6        0F84
__end_of_lcd_clr_disp        text22       0AA7
__end_of_lcd_cur_disp_shift  text17       0B21
__end_of_lcd_cursor_left     text9        0D1A
__end_of_lcd_cursor_right    text8        0F09
__end_of_lcd_display_set     text21       0BB8
__end_of_lcd_entry_mode      text23       0AF6
__end_of_lcd_function_set    text20       0C6E
__end_of_lcd_init            text19       033C
__end_of_lcd_read            text26       0D73
__end_of_lcd_send            text24       0DCC
__end_of_lcd_set_cursor      text14       049E
__end_of_lcd_set_ddram_adr   text18       0C27
__end_of_lcd_shift_left      text16       0BEF
__end_of_lcd_shift_right     text15       0B82
__end_of_lcd_wait            text25       0013
__end_of_lcd_write_char      text7        01BD
__end_of_lcd_write_int       text2        0095
__end_of_lcd_write_str       text3        0B4F
__end_of_main                maintext     0613
__end_of_pwm_init            text13       0A83
__end_of_update_temp         text1        0123
__initialization             cinit        07F0
__pbitbssBANK0               bitbssBANK0  0318
__pbssBANK0                  bssBANK0     004D
__pcstackBANK0               cstackBANK0  0020
__pcstackCOMMON              cstackCOMMON 0070
__pmaintext                  maintext     049E
__pstrings                   strings      0800
__ptext1                     text1        0095
__ptext10                    text10       01BD
__ptext11                    text11       0F84
__ptext12                    text12       0613
__ptext13                    text13       0A6E
__ptext14                    text14       033C
__ptext15                    text15       0B4F
__ptext16                    text16       0BB8
__ptext17                    text17       0AF6
__ptext18                    text18       0BEF
__ptext19                    text19       0277
__ptext2                     text2        0013
__ptext20                    text20       0C27
__ptext21                    text21       0B82
__ptext22                    text22       0A83
__ptext23                    text23       0ACC
__ptext24                    text24       0D73
__ptext25                    text25       0003
__ptext26                    text26       0D1A
__ptext27                    text27       0AA7
__ptext28                    text28       0E32
__ptext3                     text3        0B21
__ptext4                     text4        0C6E
__ptext5                     text5        0DCC
__ptext6                     text6        0F09
__ptext7                     text7        0123
__ptext8                     text8        0E9B
__ptext9                     text9        0CC2
__size_of___awdiv            (abs)        0000
__size_of___fldiv            (abs)        0000
__size_of___fltol            (abs)        0000
__size_of___lldiv            (abs)        0000
__size_of___llmod            (abs)        0000
__size_of___wmul             (abs)        0000
__size_of___xxtofl           (abs)        0000
__size_of_lcd_backspace      (abs)        0000
__size_of_lcd_clr_disp       (abs)        0000
__size_of_lcd_cur_disp_shift (abs)        0000
__size_of_lcd_cursor_left    (abs)        0000
__size_of_lcd_cursor_right   (abs)        0000
__size_of_lcd_display_set    (abs)        0000
__size_of_lcd_entry_mode     (abs)        0000
__size_of_lcd_function_set   (abs)        0000
__size_of_lcd_init           (abs)        0000
__size_of_lcd_read           (abs)        0000
__size_of_lcd_send           (abs)        0000
__size_of_lcd_set_cursor     (abs)        0000
__size_of_lcd_set_ddram_adr  (abs)        0000
__size_of_lcd_shift_left     (abs)        0000
__size_of_lcd_shift_right    (abs)        0000
__size_of_lcd_wait           (abs)        0000
__size_of_lcd_write_char     (abs)        0000
__size_of_lcd_write_int      (abs)        0000
__size_of_lcd_write_str      (abs)        0000
__size_of_main               (abs)        0000
__size_of_pwm_init           (abs)        0000
__size_of_update_temp        (abs)        0000
__stringbase                 strings      080F
__stringtab                  strings      0800
_entry_mode_i_d              bitbssBANK0  031A
_entry_mode_s                bitbssBANK0  0319
_last_temp                   bssBANK0     0059
_lcd_RAM                     bitbssBANK0  031C
_lcd_backspace               text6        0F09
_lcd_backspace$340           cstackBANK0  0030
_lcd_clr_disp                text22       0A83
_lcd_cur_disp_shift          text17       0AF6
_lcd_cursor_col              bssBANK0     0062
_lcd_cursor_left             text9        0CC2
_lcd_cursor_right            text8        0E9B
_lcd_cursor_row              bitbssBANK0  0318
_lcd_display_set             text21       0B82
_lcd_entry_mode              text23       0ACC
_lcd_function_set            text20       0C27
_lcd_init                    text19       0277
_lcd_init$303                cstackBANK0  0025
_lcd_lines                   bitbssBANK0  031B
_lcd_read                    text26       0D1A
_lcd_send                    text24       0D73
_lcd_set_cursor              text14       033C
_lcd_set_cursor$308          cstackBANK0  002A
_lcd_set_cursor$309          cstackBANK0  002C
_lcd_set_cursor$310          cstackBANK0  002E
_lcd_set_cursor$311          cstackBANK0  0030
_lcd_set_cursor$312          cstackBANK0  0032
_lcd_set_cursor$313          cstackBANK0  0034
_lcd_set_ddram_adr           text18       0BEF
_lcd_set_ddram_adr$286       cstackCOMMON 007B
_lcd_shift_left              text16       0BB8
_lcd_shift_pos               bssBANK0     0061
_lcd_shift_right             text15       0B4F
_lcd_wait                    text25       0003
_lcd_write_char              text7        0123
_lcd_write_char$291          cstackBANK0  0027
_lcd_write_char$292          cstackBANK0  0029
_lcd_write_char$293          cstackBANK0  002B
_lcd_write_int               text2        0013
_lcd_write_str               text3        0B21
_left_edge                   bssBANK0     0060
_main                        maintext     049E
_pwm_init                    text13       0A6E
_right_edge                  bssBANK0     005F
_temperature                 bssBANK0     005D
_temperature1                bssBANK0     005B
_update_temp                 text1        0095
btemp                        (abs)        007E
clear_ram0                   clrtext      0A66
end_of_initialization        cinit        07FC
intlevel0                    functab      0000
intlevel1                    functab      0000
intlevel2                    functab      0000
intlevel3                    functab      0000
intlevel4                    functab      0000
intlevel5                    functab      0000
lcd_backspace@edge           cstackBANK0  0032
lcd_backspace@n              cstackBANK0  002F
lcd_cur_disp_shift@r_l       cstackCOMMON 0078
lcd_cur_disp_shift@s_c       cstackCOMMON 007C
lcd_cursor_left@n            cstackBANK0  0022
lcd_cursor_right@n           cstackBANK0  0026
lcd_display_set@b            cstackCOMMON 0079
lcd_display_set@c            cstackCOMMON 0078
lcd_display_set@d            cstackBANK0  0020
lcd_entry_mode@i_d           cstackCOMMON 007C
lcd_entry_mode@s             cstackCOMMON 0078
lcd_function_set@dl          cstackBANK0  0020
lcd_function_set@f           cstackCOMMON 0079
lcd_function_set@n           cstackCOMMON 0078
lcd_init@f                   cstackBANK0  0021
lcd_init@n                   cstackBANK0  0027
lcd_read@data                cstackCOMMON 0073
lcd_read@reg                 cstackCOMMON 0072
lcd_send@data                cstackCOMMON 0074
lcd_send@reg                 cstackCOMMON 0077
lcd_set_cursor@col           cstackBANK0  0022
lcd_set_cursor@row           cstackBANK0  0036
lcd_set_ddram_adr@address    cstackCOMMON 007D
lcd_shift_left@edge          cstackBANK0  0021
lcd_shift_left@n             cstackBANK0  0020
lcd_shift_right@n            cstackBANK0  0020
lcd_write_char@data          cstackBANK0  0026
lcd_write_int@n              cstackBANK0  0031
lcd_write_int@p              cstackBANK0  0042
lcd_write_int@s              cstackBANK0  0036
lcd_write_str@p              cstackBANK0  002F
lcd_write_str@s              cstackBANK0  002D
main@i                       cstackBANK0  0049
main@i_417                   cstackBANK0  004B
reset_vec                    reset_vec    0000
start                        init         0000
start_initialization         cinit        07F0
wtemp0                       (abs)        007E


FUNCTION INFORMATION:

 *************** function _main *****************
 Defined at:
		line 48 in file "307.c"
 Parameters:    Size  Location     Type
		None
 Auto vars:     Size  Location     Type
  i               2   43[BANK0 ] int 
  i               2   41[BANK0 ] int 
 Return value:  Size  Location     Type
                  1    wreg      void 
 Registers used:
		wreg, fsr0l, fsr0h, status,2, status,0, btemp+1, pclath, cstack
 Tracked objects:
		On entry : 
		On exit  : 
		Unchanged: 
 Data sizes:     COMMON   BANK0   BANK1   BANK3   BANK2
      Params:         0       0       0       0       0
      Locals:         0       4       0       0       0
      Temps:          0       1       0       0       0
      Totals:         0       5       0       0       0
Total ram usage:        5 bytes
 Hardware stack levels required when called:    9
 This function calls:
		___awdiv
		___wmul
		_lcd_init
		_lcd_set_cursor
		_lcd_write_str
		_pwm_init
		_update_temp
 This function is called by:
		Startup code after reset
 This function uses a non-reentrant model


 *************** function _update_temp *****************
 Defined at:
		line 18 in file "307.c"
 Parameters:    Size  Location     Type
		None
 Auto vars:     Size  Location     Type
		None
 Return value:  Size  Location     Type
                  1    wreg      void 
 Registers used:
		wreg, fsr0l, fsr0h, status,2, status,0, btemp+1, pclath, cstack
 Tracked objects:
		On entry : 
		On exit  : 
		Unchanged: 
 Data sizes:     COMMON   BANK0   BANK1   BANK3   BANK2
      Params:         0       0       0       0       0
      Locals:         0       0       0       0       0
      Temps:          0       3       0       0       0
      Totals:         0       3       0       0       0
Total ram usage:        3 bytes
 Hardware stack levels used:    1
 Hardware stack levels required when called:    8
 This function calls:
		___fldiv
		___fltol
		___xxtofl
		_lcd_backspace
		_lcd_write_int
 This function is called by:
		_main
 This function uses a non-reentrant model


 *************** function _lcd_write_int *****************
 Defined at:
		line 489 in file "./lcd.h"
 Parameters:    Size  Location     Type
  n               4   17[BANK0 ] unsigned long 
 Auto vars:     Size  Location     Type
  s              12   22[BANK0 ] unsigned char [12]
  p               1   34[BANK0 ] PTR unsigned char 
		 -> lcd_write_int@s(12), 
 Return value:  Size  Location     Type
                  1    wreg      unsigned char 
 Registers used:
		wreg, fsr0l, fsr0h, status,2, status,0, btemp+1, pclath, cstack
 Tracked objects:
		On entry : 
		On exit  : 
		Unchanged: 
 Data sizes:     COMMON   BANK0   BANK1   BANK3   BANK2
      Params:         0       4       0       0       0
      Locals:         0      13       0       0       0
      Temps:          0       1       0       0       0
      Totals:         0      18       0       0       0
Total ram usage:       18 bytes
 Hardware stack levels used:    1
 Hardware stack levels required when called:    7
 This function calls:
		___lldiv
		___llmod
		_lcd_write_char
		_lcd_write_str
 This function is called by:
		_update_temp
 This function uses a non-reentrant model


 *************** function _lcd_write_str *****************
 Defined at:
		line 477 in file "./lcd.h"
 Parameters:    Size  Location     Type
  s               2   13[BANK0 ] const PTR const unsigned
		 -> STR_4(4), STR_3(17), lcd_write_float@s(17), lcd_write_int@s(12), 
 Auto vars:     Size  Location     Type
  p               2   15[BANK0 ] PTR const unsigned char 
		 -> STR_4(4), STR_3(17), lcd_write_float@s(17), lcd_write_int@s(12), 
 Return value:  Size  Location     Type
                  1    wreg      unsigned char 
 Registers used:
		wreg, fsr0l, fsr0h, status,2, status,0, btemp+1, pclath, cstack
 Tracked objects:
		On entry : 
		On exit  : 
		Unchanged: 
 Data sizes:     COMMON   BANK0   BANK1   BANK3   BANK2
      Params:         0       2       0       0       0
      Locals:         0       2       0       0       0
      Temps:          0       0       0       0       0
      Totals:         0       4       0       0       0
Total ram usage:        4 bytes
 Hardware stack levels used:    1
 Hardware stack levels required when called:    6
 This function calls:
		_lcd_write_char
 This function is called by:
		_lcd_write_int
		_main
		_lcd_write_float
 This function uses a non-reentrant model


 *************** function ___llmod *****************
 Defined at:
		line 5 in file "C:\Program Files\Microchip\xc8\v2.30\pic\sources\c90\common\llmod.c"
 Parameters:    Size  Location     Type
  divisor         4    0[COMMON] unsigned long 
  dividend        4    4[COMMON] unsigned long 
 Auto vars:     Size  Location     Type
  counter         1    9[COMMON] unsigned char 
 Return value:  Size  Location     Type
                  4    0[COMMON] unsigned long 
 Registers used:
		wreg, status,2, status,0
 Tracked objects:
		On entry : 
		On exit  : 
		Unchanged: 
 Data sizes:     COMMON   BANK0   BANK1   BANK3   BANK2
      Params:         8       0       0       0       0
      Locals:         1       0       0       0       0
      Temps:          1       0       0       0       0
      Totals:        10       0       0       0       0
Total ram usage:       10 bytes
 Hardware stack levels used:    1
 This function calls:
		Nothing
 This function is called by:
		_lcd_write_int
 This function uses a non-reentrant model


 *************** function ___lldiv *****************
 Defined at:
		line 5 in file "C:\Program Files\Microchip\xc8\v2.30\pic\sources\c90\common\__lldiv.c"
 Parameters:    Size  Location     Type
  divisor         4    0[COMMON] unsigned long 
  dividend        4    4[COMMON] unsigned long 
 Auto vars:     Size  Location     Type
  quotient        4    9[COMMON] unsigned long 
  counter         1   13[COMMON] unsigned char 
 Return value:  Size  Location     Type
                  4    0[COMMON] unsigned long 
 Registers used:
		wreg, status,2, status,0
 Tracked objects:
		On entry : 
		On exit  : 
		Unchanged: 
 Data sizes:     COMMON   BANK0   BANK1   BANK3   BANK2
      Params:         8       0       0       0       0
      Locals:         5       0       0       0       0
      Temps:          1       0       0       0       0
      Totals:        14       0       0       0       0
Total ram usage:       14 bytes
 Hardware stack levels used:    1
 This function calls:
		Nothing
 This function is called by:
		_lcd_write_int
 This function uses a non-reentrant model


 *************** function _lcd_backspace *****************
 Defined at:
		line 457 in file "./lcd.h"
 Parameters:    Size  Location     Type
  n               1    wreg     char 
 Auto vars:     Size  Location     Type
  n               1   15[BANK0 ] char 
  edge            1   18[BANK0 ] char 
 Return value:  Size  Location     Type
                  1    wreg      void 
 Registers used:
		wreg, status,2, status,0, pclath, cstack
 Tracked objects:
		On entry : 
		On exit  : 
		Unchanged: 
 Data sizes:     COMMON   BANK0   BANK1   BANK3   BANK2
      Params:         0       0       0       0       0
      Locals:         0       4       0       0       0
      Temps:          0       2       0       0       0
      Totals:         0       6       0       0       0
Total ram usage:        6 bytes
 Hardware stack levels used:    1
 Hardware stack levels required when called:    6
 This function calls:
		_lcd_cursor_left
		_lcd_cursor_right
		_lcd_entry_mode
		_lcd_write_char
 This function is called by:
		_update_temp
 This function uses a non-reentrant model


 *************** function _lcd_write_char *****************
 Defined at:
		line 267 in file "./lcd.h"
 Parameters:    Size  Location     Type
  data            1    wreg     unsigned char 
 Auto vars:     Size  Location     Type
  data            1    6[BANK0 ] unsigned char 
 Return value:  Size  Location     Type
                  1    wreg      void 
 Registers used:
		wreg, status,2, status,0, pclath, cstack
 Tracked objects:
		On entry : 
		On exit  : 
		Unchanged: 
 Data sizes:     COMMON   BANK0   BANK1   BANK3   BANK2
      Params:         0       0       0       0       0
      Locals:         0       7       0       0       0
      Temps:          0       4       0       0       0
      Totals:         0      11       0       0       0
Total ram usage:       11 bytes
 Hardware stack levels used:    1
 Hardware stack levels required when called:    5
 This function calls:
		_lcd_send
		_lcd_shift_left
		_lcd_shift_right
 This function is called by:
		_lcd_backspace
		_lcd_write_str
		_lcd_write_int
 This function uses a non-reentrant model


 *************** function _lcd_cursor_right *****************
 Defined at:
		line 422 in file "./lcd.h"
 Parameters:    Size  Location     Type
  n               1    wreg     char 
 Auto vars:     Size  Location     Type
  n               1    6[BANK0 ] char 
 Return value:  Size  Location     Type
                  1    wreg      void 
 Registers used:
		wreg, status,2, status,0, pclath, cstack
 Tracked objects:
		On entry : 
		On exit  : 
		Unchanged: 
 Data sizes:     COMMON   BANK0   BANK1   BANK3   BANK2
      Params:         0       0       0       0       0
      Locals:         0       1       0       0       0
      Temps:          0       4       0       0       0
      Totals:         0       5       0       0       0
Total ram usage:        5 bytes
 Hardware stack levels used:    1
 Hardware stack levels required when called:    5
 This function calls:
		_lcd_cur_disp_shift
		_lcd_shift_left
 This function is called by:
		_lcd_backspace
 This function uses a non-reentrant model


 *************** function _lcd_cursor_left *****************
 Defined at:
		line 405 in file "./lcd.h"
 Parameters:    Size  Location     Type
  n               1    wreg     char 
 Auto vars:     Size  Location     Type
  n               1    2[BANK0 ] char 
 Return value:  Size  Location     Type
                  1    wreg      void 
 Registers used:
		wreg, status,2, status,0, pclath, cstack
 Tracked objects:
		On entry : 
		On exit  : 
		Unchanged: 
 Data sizes:     COMMON   BANK0   BANK1   BANK3   BANK2
      Params:         0       0       0       0       0
      Locals:         0       1       0       0       0
      Temps:          0       1       0       0       0
      Totals:         0       2       0       0       0
Total ram usage:        2 bytes
 Hardware stack levels used:    1
 Hardware stack levels required when called:    5
 This function calls:
		_lcd_cur_disp_shift
		_lcd_shift_right
 This function is called by:
		_lcd_backspace
 This function uses a non-reentrant model


 *************** function ___xxtofl *****************
 Defined at:
		line 10 in file "C:\Program Files\Microchip\xc8\v2.30\pic\sources\c90\common\xxtofl.c"
 Parameters:    Size  Location     Type
  sign            1    wreg     unsigned char 
  val             4    0[COMMON] long 
 Auto vars:     Size  Location     Type
  sign            1    8[COMMON] unsigned char 
  arg             4   10[COMMON] unsigned long 
  exp             1    9[COMMON] unsigned char 
 Return value:  Size  Location     Type
                  4    0[COMMON] unsigned char 
 Registers used:
		wreg, status,2, status,0
 Tracked objects:
		On entry : 
		On exit  : 
		Unchanged: 
 Data sizes:     COMMON   BANK0   BANK1   BANK3   BANK2
      Params:         4       0       0       0       0
      Locals:         6       0       0       0       0
      Temps:          4       0       0       0       0
      Totals:        14       0       0       0       0
Total ram usage:       14 bytes
 Hardware stack levels used:    1
 This function calls:
		Nothing
 This function is called by:
		_update_temp
 This function uses a non-reentrant model


 *************** function ___fltol *****************
 Defined at:
		line 43 in file "C:\Program Files\Microchip\xc8\v2.30\pic\sources\c90\common\fltol.c"
 Parameters:    Size  Location     Type
  f1              4   26[BANK0 ] unsigned char 
 Auto vars:     Size  Location     Type
  exp1            1   36[BANK0 ] unsigned char 
  sign1           1   35[BANK0 ] unsigned char 
 Return value:  Size  Location     Type
                  4   26[BANK0 ] long 
 Registers used:
		wreg, status,2, status,0
 Tracked objects:
		On entry : 
		On exit  : 
		Unchanged: 
 Data sizes:     COMMON   BANK0   BANK1   BANK3   BANK2
      Params:         0       4       0       0       0
      Locals:         0       2       0       0       0
      Temps:          0       5       0       0       0
      Totals:         0      11       0       0       0
Total ram usage:       11 bytes
 Hardware stack levels used:    1
 This function calls:
		Nothing
 This function is called by:
		_update_temp
 This function uses a non-reentrant model


 *************** function ___fldiv *****************
 Defined at:
		line 8 in file "C:\Program Files\Microchip\xc8\v2.30\pic\sources\c90\common\sprcdiv.c"
 Parameters:    Size  Location     Type
  a               4    0[BANK0 ] long 
  b               4    4[BANK0 ] long 
 Auto vars:     Size  Location     Type
  grs             4   20[BANK0 ] unsigned long 
  rem             4   13[BANK0 ] unsigned long 
  new_exp         2   18[BANK0 ] int 
  aexp            1   25[BANK0 ] unsigned char 
  bexp            1   24[BANK0 ] unsigned char 
  sign            1   17[BANK0 ] unsigned char 
 Return value:  Size  Location     Type
                  4    0[BANK0 ] unsigned char 
 Registers used:
		wreg, status,2, status,0, btemp+1
 Tracked objects:
		On entry : 
		On exit  : 
		Unchanged: 
 Data sizes:     COMMON   BANK0   BANK1   BANK3   BANK2
      Params:         0       8       0       0       0
      Locals:         0      13       0       0       0
      Temps:          0       5       0       0       0
      Totals:         0      26       0       0       0
Total ram usage:       26 bytes
 Hardware stack levels used:    1
 This function calls:
		Nothing
 This function is called by:
		_update_temp
 This function uses a non-reentrant model


 *************** function _pwm_init *****************
 Defined at:
		line 35 in file "307.c"
 Parameters:    Size  Location     Type
		None
 Auto vars:     Size  Location     Type
		None
 Return value:  Size  Location     Type
                  1    wreg      void 
 Registers used:
		wreg, status,2, status,0
 Tracked objects:
		On entry : 
		On exit  : 
		Unchanged: 
 Data sizes:     COMMON   BANK0   BANK1   BANK3   BANK2
      Params:         0       0       0       0       0
      Locals:         0       0       0       0       0
      Temps:          0       0       0       0       0
      Totals:         0       0       0       0       0
Total ram usage:        0 bytes
 Hardware stack levels used:    1
 This function calls:
		Nothing
 This function is called by:
		_main
 This function uses a non-reentrant model


 *************** function _lcd_set_cursor *****************
 Defined at:
		line 341 in file "./lcd.h"
 Parameters:    Size  Location     Type
  row             1    wreg     _Bool 
  col             1    2[BANK0 ] char 
 Auto vars:     Size  Location     Type
  row             1   22[BANK0 ] _Bool 
 Return value:  Size  Location     Type
                  1    wreg      void 
 Registers used:
		wreg, status,2, status,0, pclath, cstack
 Tracked objects:
		On entry : 
		On exit  : 
		Unchanged: 
 Data sizes:     COMMON   BANK0   BANK1   BANK3   BANK2
      Params:         0       1       0       0       0
      Locals:         0      13       0       0       0
      Temps:          0       7       0       0       0
      Totals:         0      21       0       0       0
Total ram usage:       21 bytes
 Hardware stack levels used:    1
 Hardware stack levels required when called:    5
 This function calls:
		_lcd_set_ddram_adr
		_lcd_shift_left
		_lcd_shift_right
 This function is called by:
		_main
		_lcd_goto_begin
		_lcd_goto_end
		_lcd_clr_row
		_lcd_clr_curr_row
		_lcd_cursor_up
		_lcd_cursor_down
		_lcd_scroll_anim
 This function uses a non-reentrant model


 *************** function _lcd_shift_right *****************
 Defined at:
		line 449 in file "./lcd.h"
 Parameters:    Size  Location     Type
  n               1    wreg     char 
 Auto vars:     Size  Location     Type
  n               1    0[BANK0 ] char 
 Return value:  Size  Location     Type
                  1    wreg      void 
 Registers used:
		wreg, status,2, status,0, pclath, cstack
 Tracked objects:
		On entry : 
		On exit  : 
		Unchanged: 
 Data sizes:     COMMON   BANK0   BANK1   BANK3   BANK2
      Params:         0       0       0       0       0
      Locals:         0       1       0       0       0
      Temps:          1       0       0       0       0
      Totals:         1       1       0       0       0
Total ram usage:        2 bytes
 Hardware stack levels used:    1
 Hardware stack levels required when called:    4
 This function calls:
		_lcd_cur_disp_shift
 This function is called by:
		_lcd_write_char
		_lcd_set_cursor
		_lcd_cursor_left
		_lcd_scroll_anim
 This function uses a non-reentrant model


 *************** function _lcd_shift_left *****************
 Defined at:
		line 439 in file "./lcd.h"
 Parameters:    Size  Location     Type
  n               1    wreg     char 
 Auto vars:     Size  Location     Type
  n               1    0[BANK0 ] char 
  edge            1    1[BANK0 ] char 
 Return value:  Size  Location     Type
                  1    wreg      void 
 Registers used:
		wreg, status,2, status,0, pclath, cstack
 Tracked objects:
		On entry : 
		On exit  : 
		Unchanged: 
 Data sizes:     COMMON   BANK0   BANK1   BANK3   BANK2
      Params:         0       0       0       0       0
      Locals:         0       2       0       0       0
      Temps:          1       0       0       0       0
      Totals:         1       2       0       0       0
Total ram usage:        3 bytes
 Hardware stack levels used:    1
 Hardware stack levels required when called:    4
 This function calls:
		_lcd_cur_disp_shift
 This function is called by:
		_lcd_write_char
		_lcd_set_cursor
		_lcd_cursor_right
		_lcd_scroll_anim
 This function uses a non-reentrant model


 *************** function _lcd_cur_disp_shift *****************
 Defined at:
		line 224 in file "./lcd.h"
 Parameters:    Size  Location     Type
  s_c             1    wreg     _Bool 
  r_l             1    8[COMMON] _Bool 
 Auto vars:     Size  Location     Type
  s_c             1   12[COMMON] _Bool 
 Return value:  Size  Location     Type
                  1    wreg      void 
 Registers used:
		wreg, status,2, status,0, pclath, cstack
 Tracked objects:
		On entry : 
		On exit  : 
		Unchanged: 
 Data sizes:     COMMON   BANK0   BANK1   BANK3   BANK2
      Params:         1       0       0       0       0
      Locals:         1       0       0       0       0
      Temps:          3       0       0       0       0
      Totals:         5       0       0       0       0
Total ram usage:        5 bytes
 Hardware stack levels used:    1
 Hardware stack levels required when called:    3
 This function calls:
		_lcd_send
 This function is called by:
		_lcd_cursor_left
		_lcd_cursor_right
		_lcd_shift_left
		_lcd_shift_right
 This function uses a non-reentrant model


 *************** function _lcd_set_ddram_adr *****************
 Defined at:
		line 246 in file "./lcd.h"
 Parameters:    Size  Location     Type
  address         1    wreg     unsigned char 
 Auto vars:     Size  Location     Type
  address         1   13[COMMON] unsigned char 
 Return value:  Size  Location     Type
		None               void
 Registers used:
		wreg, status,2, status,0, pclath, cstack
 Tracked objects:
		On entry : 
		On exit  : 
		Unchanged: 
 Data sizes:     COMMON   BANK0   BANK1   BANK3   BANK2
      Params:         0       0       0       0       0
      Locals:         3       0       0       0       0
      Temps:          3       0       0       0       0
      Totals:         6       0       0       0       0
Total ram usage:        6 bytes
 Hardware stack levels used:    1
 Hardware stack levels required when called:    3
 This function calls:
		_lcd_send
 This function is called by:
		_lcd_set_cursor
		_lcd_clr_row
 This function uses a non-reentrant model


 *************** function _lcd_init *****************
 Defined at:
		line 301 in file "./lcd.h"
 Parameters:    Size  Location     Type
  n               1    wreg     _Bool 
  f               1    1[BANK0 ] _Bool 
 Auto vars:     Size  Location     Type
  n               1    7[BANK0 ] _Bool 
 Return value:  Size  Location     Type
                  1    wreg      void 
 Registers used:
		wreg, status,2, status,0, pclath, cstack
 Tracked objects:
		On entry : 
		On exit  : 
		Unchanged: 
 Data sizes:     COMMON   BANK0   BANK1   BANK3   BANK2
      Params:         0       1       0       0       0
      Locals:         0       3       0       0       0
      Temps:          0       3       0       0       0
      Totals:         0       7       0       0       0
Total ram usage:        7 bytes
 Hardware stack levels used:    1
 Hardware stack levels required when called:    5
 This function calls:
		_lcd_clr_disp
		_lcd_display_set
		_lcd_entry_mode
		_lcd_function_set
 This function is called by:
		_main
 This function uses a non-reentrant model


 *************** function _lcd_function_set *****************
 Defined at:
		line 229 in file "./lcd.h"
 Parameters:    Size  Location     Type
  dl              1    wreg     _Bool 
  n               1    8[COMMON] _Bool 
  f               1    9[COMMON] _Bool 
 Auto vars:     Size  Location     Type
  dl              1    0[BANK0 ] _Bool 
 Return value:  Size  Location     Type
                  1    wreg      void 
 Registers used:
		wreg, status,2, status,0, pclath, cstack
 Tracked objects:
		On entry : 
		On exit  : 
		Unchanged: 
 Data sizes:     COMMON   BANK0   BANK1   BANK3   BANK2
      Params:         2       0       0       0       0
      Locals:         0       1       0       0       0
      Temps:          4       0       0       0       0
      Totals:         6       1       0       0       0
Total ram usage:        7 bytes
 Hardware stack levels used:    1
 Hardware stack levels required when called:    3
 This function calls:
		_lcd_send
 This function is called by:
		_lcd_init
 This function uses a non-reentrant model


 *************** function _lcd_display_set *****************
 Defined at:
		line 219 in file "./lcd.h"
 Parameters:    Size  Location     Type
  d               1    wreg     _Bool 
  c               1    8[COMMON] _Bool 
  b               1    9[COMMON] _Bool 
 Auto vars:     Size  Location     Type
  d               1    0[BANK0 ] _Bool 
 Return value:  Size  Location     Type
                  1    wreg      void 
 Registers used:
		wreg, status,2, status,0, pclath, cstack
 Tracked objects:
		On entry : 
		On exit  : 
		Unchanged: 
 Data sizes:     COMMON   BANK0   BANK1   BANK3   BANK2
      Params:         2       0       0       0       0
      Locals:         0       1       0       0       0
      Temps:          4       0       0       0       0
      Totals:         6       1       0       0       0
Total ram usage:        7 bytes
 Hardware stack levels used:    1
 Hardware stack levels required when called:    3
 This function calls:
		_lcd_send
 This function is called by:
		_lcd_init
 This function uses a non-reentrant model


 *************** function _lcd_clr_disp *****************
 Defined at:
		line 194 in file "./lcd.h"
 Parameters:    Size  Location     Type
		None
 Auto vars:     Size  Location     Type
		None
 Return value:  Size  Location     Type
                  1    wreg      void 
 Registers used:
		wreg, status,2, status,0, pclath, cstack
 Tracked objects:
		On entry : 
		On exit  : 
		Unchanged: 
 Data sizes:     COMMON   BANK0   BANK1   BANK3   BANK2
      Params:         0       0       0       0       0
      Locals:         0       0       0       0       0
      Temps:          0       0       0       0       0
      Totals:         0       0       0       0       0
Total ram usage:        0 bytes
 Hardware stack levels used:    1
 Hardware stack levels required when called:    4
 This function calls:
		_lcd_entry_mode
		_lcd_send
		_lcd_wait
 This function is called by:
		_lcd_init
 This function uses a non-reentrant model


 *************** function _lcd_entry_mode *****************
 Defined at:
		line 213 in file "./lcd.h"
 Parameters:    Size  Location     Type
  i_d             1    wreg     _Bool 
  s               1    8[COMMON] _Bool 
 Auto vars:     Size  Location     Type
  i_d             1   12[COMMON] _Bool 
 Return value:  Size  Location     Type
                  1    wreg      void 
 Registers used:
		wreg, status,2, status,0, pclath, cstack
 Tracked objects:
		On entry : 
		On exit  : 
		Unchanged: 
 Data sizes:     COMMON   BANK0   BANK1   BANK3   BANK2
      Params:         1       0       0       0       0
      Locals:         1       0       0       0       0
      Temps:          3       0       0       0       0
      Totals:         5       0       0       0       0
Total ram usage:        5 bytes
 Hardware stack levels used:    1
 Hardware stack levels required when called:    3
 This function calls:
		_lcd_send
 This function is called by:
		_lcd_clr_disp
		_lcd_init
		_lcd_backspace
 This function uses a non-reentrant model


 *************** function _lcd_send *****************
 Defined at:
		line 166 in file "./lcd.h"
 Parameters:    Size  Location     Type
  reg             1    wreg     _Bool 
  data            1    4[COMMON] unsigned char 
 Auto vars:     Size  Location     Type
  reg             1    7[COMMON] _Bool 
 Return value:  Size  Location     Type
                  1    wreg      void 
 Registers used:
		wreg, status,2, status,0, pclath, cstack
 Tracked objects:
		On entry : 
		On exit  : 
		Unchanged: 
 Data sizes:     COMMON   BANK0   BANK1   BANK3   BANK2
      Params:         1       0       0       0       0
      Locals:         1       0       0       0       0
      Temps:          2       0       0       0       0
      Totals:         4       0       0       0       0
Total ram usage:        4 bytes
 Hardware stack levels used:    1
 Hardware stack levels required when called:    2
 This function calls:
		_lcd_wait
 This function is called by:
		_lcd_clr_disp
		_lcd_entry_mode
		_lcd_display_set
		_lcd_cur_disp_shift
		_lcd_function_set
		_lcd_set_ddram_adr
		_lcd_write_char
		_lcd_return_home
		_lcd_set_cgram_adr
		_lcd_clr_row
 This function uses a non-reentrant model


 *************** function _lcd_wait *****************
 Defined at:
		line 295 in file "./lcd.h"
 Parameters:    Size  Location     Type
		None
 Auto vars:     Size  Location     Type
		None
 Return value:  Size  Location     Type
                  1    wreg      void 
 Registers used:
		wreg, status,2, status,0, pclath, cstack
 Tracked objects:
		On entry : 
		On exit  : 
		Unchanged: 
 Data sizes:     COMMON   BANK0   BANK1   BANK3   BANK2
      Params:         0       0       0       0       0
      Locals:         0       0       0       0       0
      Temps:          0       0       0       0       0
      Totals:         0       0       0       0       0
Total ram usage:        0 bytes
 Hardware stack levels used:    1
 Hardware stack levels required when called:    1
 This function calls:
		_lcd_read
 This function is called by:
		_lcd_send
		_lcd_clr_disp
		_lcd_return_home
 This function uses a non-reentrant model


 *************** function _lcd_read *****************
 Defined at:
		line 176 in file "./lcd.h"
 Parameters:    Size  Location     Type
  reg             1    wreg     _Bool 
 Auto vars:     Size  Location     Type
  reg             1    2[COMMON] _Bool 
  data            1    3[COMMON] unsigned char 
 Return value:  Size  Location     Type
                  1    wreg      unsigned char 
 Registers used:
		wreg, status,2, status,0
 Tracked objects:
		On entry : 
		On exit  : 
		Unchanged: 
 Data sizes:     COMMON   BANK0   BANK1   BANK3   BANK2
      Params:         0       0       0       0       0
      Locals:         2       0       0       0       0
      Temps:          2       0       0       0       0
      Totals:         4       0       0       0       0
Total ram usage:        4 bytes
 Hardware stack levels used:    1
 This function calls:
		Nothing
 This function is called by:
		_lcd_wait
		_lcd_read_address
		_lcd_read_char
 This function uses a non-reentrant model


 *************** function ___wmul *****************
 Defined at:
		line 15 in file "C:\Program Files\Microchip\xc8\v2.30\pic\sources\c90\common\Umul16.c"
 Parameters:    Size  Location     Type
  multiplier      2    0[COMMON] unsigned int 
  multiplicand    2    2[COMMON] unsigned int 
 Auto vars:     Size  Location     Type
  product         2    4[COMMON] unsigned int 
 Return value:  Size  Location     Type
                  2    0[COMMON] unsigned int 
 Registers used:
		wreg, status,2, status,0
 Tracked objects:
		On entry : 
		On exit  : 
		Unchanged: 
 Data sizes:     COMMON   BANK0   BANK1   BANK3   BANK2
      Params:         4       0       0       0       0
      Locals:         2       0       0       0       0
      Temps:          0       0       0       0       0
      Totals:         6       0       0       0       0
Total ram usage:        6 bytes
 Hardware stack levels used:    1
 This function calls:
		Nothing
 This function is called by:
		_main
 This function uses a non-reentrant model


 *************** function ___awdiv *****************
 Defined at:
		line 5 in file "C:\Program Files\Microchip\xc8\v2.30\pic\sources\c90\common\awdiv.c"
 Parameters:    Size  Location     Type
  divisor         2    6[COMMON] int 
  dividend        2    8[COMMON] int 
 Auto vars:     Size  Location     Type
  quotient        2    2[BANK0 ] int 
  sign            1    1[BANK0 ] unsigned char 
  counter         1    0[BANK0 ] unsigned char 
 Return value:  Size  Location     Type
                  2    6[COMMON] int 
 Registers used:
		wreg, status,2, status,0
 Tracked objects:
		On entry : 
		On exit  : 
		Unchanged: 
 Data sizes:     COMMON   BANK0   BANK1   BANK3   BANK2
      Params:         4       0       0       0       0
      Locals:         0       4       0       0       0
      Temps:          1       0       0       0       0
      Totals:         5       4       0       0       0
Total ram usage:        9 bytes
 Hardware stack levels used:    1
 This function calls:
		Nothing
 This function is called by:
		_main
 This function uses a non-reentrant model



MODULE INFORMATION

Module		Function		Class		Link	Load	Size
C:\Program Files\Microchip\xc8\v2.30\pic\sources\c90\common\__lldiv.c
		___lldiv       		CODE           	0DCC	0000	102

C:\Program Files\Microchip\xc8\v2.30\pic\sources\c90\common\__lldiv.c estimated size: 102

C:\Program Files\Microchip\xc8\v2.30\pic\sources\c90\common\sprcdiv.c
		___fldiv       		CODE           	0613	0000	477

C:\Program Files\Microchip\xc8\v2.30\pic\sources\c90\common\sprcdiv.c estimated size: 477

C:\Program Files\Microchip\xc8\v2.30\pic\sources\c90\common\xxtofl.c
		___xxtofl      		CODE           	01BD	0000	186

C:\Program Files\Microchip\xc8\v2.30\pic\sources\c90\common\xxtofl.c estimated size: 186

./lcd.h
		_lcd_send      		CODE           	0D73	0000	89
		_lcd_write_char		CODE           	0123	0000	154
		_lcd_cursor_left		CODE           	0CC2	0000	88
		_lcd_entry_mode		CODE           	0ACC	0000	42
		_lcd_shift_right		CODE           	0B4F	0000	51
		_lcd_cur_disp_shift		CODE           	0AF6	0000	43
		_lcd_backspace 		CODE           	0F09	0000	123
		_lcd_set_ddram_adr		CODE           	0BEF	0000	56
		_lcd_set_cursor		CODE           	033C	0000	354
		_lcd_function_set		CODE           	0C27	0000	71
		_lcd_clr_disp  		CODE           	0A83	0000	36
		_lcd_cursor_right		CODE           	0E9B	0000	110
		_lcd_display_set		CODE           	0B82	0000	54
		_lcd_write_int 		CODE           	0013	0000	130
		_lcd_write_str 		CODE           	0B21	0000	46
		_lcd_wait      		CODE           	0003	0000	16
		_lcd_shift_left		CODE           	0BB8	0000	55
		_lcd_read      		CODE           	0D1A	0000	89
		_lcd_init      		CODE           	0277	0000	197

./lcd.h estimated size: 1804

C:\Program Files\Microchip\xc8\v2.30\pic\sources\c90\common\llmod.c
		___llmod       		CODE           	0C6E	0000	84

C:\Program Files\Microchip\xc8\v2.30\pic\sources\c90\common\llmod.c estimated size: 84

C:\Program Files\Microchip\xc8\v2.30\pic\sources\c90\common\fltol.c
		___fltol       		CODE           	0F84	0000	124

C:\Program Files\Microchip\xc8\v2.30\pic\sources\c90\common\fltol.c estimated size: 124

C:\Program Files\Microchip\xc8\v2.30\pic\sources\c90\common\awdiv.c
		___awdiv       		CODE           	0E32	0000	105

C:\Program Files\Microchip\xc8\v2.30\pic\sources\c90\common\awdiv.c estimated size: 105

307.c
		_main          		CODE           	049E	0000	373
		_update_temp   		CODE           	0095	0000	142
		_pwm_init      		CODE           	0A6E	0000	21

307.c estimated size: 536

shared
		__stringtab    		STRING         	0800	0000	16
		__initialization		CODE           	07F0	0000	12

shared estimated size: 28

C:\Program Files\Microchip\xc8\v2.30\pic\sources\c90\common\Umul16.c
		___wmul        		CODE           	0AA7	0000	37

C:\Program Files\Microchip\xc8\v2.30\pic\sources\c90\common\Umul16.c estimated size: 37

